cat: nonexistent2: No such file or directory
cat: nonexistent1: No such file or directory
cat: nonexistent2: No such file or directory
James says Error
First
Second
